["192.168.400.400"]